hdrezka.ac
hdrezka.ag
hdrezka.cm
rezka.ag
rezka.my
rezkify.com
serv01001.xyz
statichdrezka.ac
voidboost.cc
voidboost.com
voidboost.in
voidnetwork.cloud
cloudflare.com
one.one.one.one
cloudflarestatus.com
cdnjs.com
cloudflare.net
dis.gd
disboard.org
discord-activities.com
discord.center
discord.co
discord.com
discord.design
discord.dev
discord.gg
discord.gift
discord.gifts
discord.me
discord.media
discord.new
discord.st
discord.store
discord.tools
discordInvites.net
discordactivities.com
discordapp.com
discordapp.io
discordapp.net
discordbee.com
discordbotlist.com
discordcdn.com
discordexpert.com
discordhome.com
discordhub.com
discordlist.me
discordlist.space
discordmerch.com
discordpartygames.com
discords.com
discordsays.com
discordservers.com
discordstatus.com
discordtop.com
disforge.com
dyno.gg
findAdiscord.com
mee6.xyz
top.gg
doramy.club
medium.com
grok.com
x.ai
licdn.com
linkedin.com
deepl.com
chatgpt.com
gpt3-openai.com
live.net
microsoft.com
oaistatic.com
oaiusercontent.com
openai.com
openai.fund
openai.org
cdn-telegram.org
comments.app
contest.com
fragment.com
graph.org
quiz.directory
t.me
tdesktop.com
telega.one
telegra.ph
telegram-cdn.org
telegram.dog
telegram.me
telegram.org
telegram.space
telesco.pe
tg.dev
tx.me
usercontent.dev
ai.google.dev
aistudio.google.com
alkalicore-pa.clients6.google.com
alkalimakersuite-pa.clients6.google.com
bard.google.com
deepmind.com
deepmind.google
geller-pa.googleapis.com
gemini.google.com
generativeai.google
generativelanguage.googleapis.com
makersuite.google.com
proactivebackend-pa.googleapis.com
ovhcloud.com
ovh.us
ovh.net
ovh.ca
nnmclub.to
nnmstatic.win
akamaized.net
t.co
tweetdeck.com
twimg.com
twitter.com
x.com
facebook.com
facebook.com.es
facebook.com.vn
facebook.fr
facebook.net
fb.com
fb.me
fbcdn.net
fbsbx.com
licdn.com
tfbnw.net
thefacebook.com
daramalive.life
usher.ttvnw.net
gql.twitch.tv
rutracker.cc
rutracker.net
rutracker.org
rutracker.ru
rutracker.wiki
rutrk.org
t-ru.org
kino.pub
fast.com
netflix.ca
netflix.com
netflix.com.au
netflix.net
netflixdnstest1.com
netflixdnstest10.com
netflixdnstest2.com
netflixdnstest3.com
netflixdnstest4.com
netflixdnstest5.com
netflixdnstest6.com
netflixdnstest7.com
netflixdnstest8.com
netflixdnstest9.com
netflixinvestor.com
netflixstudios.com
netflixtechblog.com
nflxext.com
nflximg.com
nflximg.net
nflxsearch.net
nflxso.net
nflxvideo.net
onetrust.com
acctcdnmsftuswe2.azureedge.net
acctcdnvzeuno.azureedge.net
api.github.com
api.githubcopilot.com
browser.events.data.microsoft.com
cdn.sapphire.microsoftapp.net
copilot-proxy.githubusercontent.com
copilot-telemetry.githubusercontent.com
copilot.microsoft.com
dual-a-0001.a-msedge.net
eagle.sapphire.microsoftapp.net
edge.microsoft.com
edgeservices.bing.com
feedcdn.sapphire.microsoftapp.net
fpt2.microsoft.com
gateway.bingviz.microsoftapp.net
githubcopilot.com
in.appcenter.ms
lgincdnmsftuswe2.azureedge.net
lgincdnvzeuno.azureedge.net
location.microsoft.com
sapphire.api.microsoftapp.net
self.events.data.microsoft.com
services.bingapis.com
sydney.bing.com
getfedora.org
fedoraforum.org
fedorapeople.org
fedoraproject.org
fedoramagazine.org
archlinux.org
kde.org
kali.org
manjaro.org
cachyos.org
pkgbuild.com
nobaraproject.org
nixos.org
alpinelinux.org
debian.org
dotdeb.org
lostfilm.run
lostfilm.tv
lostfilm.win
docker.com
docker.io
docker-pinata-support.s3.amazonaws.com
docker-images-prod.6aa30f8b08e16409b46e0173d6de2f56.r2.cloudflarestorage.com
dckr.io
notebooklm.google
notebooklm.google.com
hetzner.com
your-server.de
hetzner.de
first-ns.de
hetzner.cloud
hetzner.company
hetzner.social
htznr.li
second-ns.com
second-ns.de
your-objectstorage.com
your-storagebox.de
your-storageshare.de
sentry.hetzner.company
anthropic.com
claude.ai
claudeusercontent.com
intercom.io
intercomassets.com
intercomcdn.com
tuyaeu.com
tuyacn.com
tuyaus.com
tuyaaf.com
iotbing.com
tuya-inc.cn
martapp.tuya.com
smartlife.app.tuya.com
app.tuya.com
openapi.tuyaus.com
openapi.tuyacn.com
openapi.tuyaeu.com
openapi.tuyain.com
openapi-ueaz.tuyaus.com
openapi-weaz.tuyaeu.com
tuya.com
smartapp.tuya.com
stream.tuyaeu.com
a1-eu.iot334.com
iot334.com
m1-eu.iot334.com
atl-paas.net
atlassian.com
ss-inf.net
atlassian.net
jira.com
bitbucket.org
cdn.prod.atlassian-dev.net
atlassian-us-gov-mod.com
atlassian-us-gov-mod.net
cdn.atlassian-us-gov-mod.com
cdn.prod.atlassian-dev-us-gov-mod.net
anydesk.com
kinozal.me
kinozal.tv
cdninstagram.com
facebook.com
facebook.net
fbcdn.com
fbcdn.net
ig.me
instagram.com
akamaized.net
byspotify.com
pscdn.co
scdn.co
spoti.fi
spotify-everywhere.com
spotify.com
spotify.design
spotifycdn.com
spotifycdn.net
spotifycharts.com
spotifycodes.com
spotifyforbrands.com
spotifyjobs.com
