ai.google.dev
aistudio.google.com
alkalicore-pa.clients6.google.com
alkalimakersuite-pa.clients6.google.com
bard.google.com
deepmind.com
deepmind.google
geller-pa.googleapis.com
gemini.google.com
generativeai.google
generativelanguage.googleapis.com
makersuite.google.com
proactivebackend-pa.googleapis.com
notebooklm.google
notebooklm.google.com
anthropic.com
claude.ai
claudeusercontent.com
intercom.io
intercomassets.com
intercomcdn.com
grok.com
x.ai
medium.com
doramy.club
bunny.net
b-cdn.net
docker.com
docker.io
docker-pinata-support.s3.amazonaws.com
docker-images-prod.6aa30f8b08e16409b46e0173d6de2f56.r2.cloudflarestorage.com
dckr.io
dockerstatic.com
kinozal.me
kinozal.tv
atl-paas.net
atlassian.com
ss-inf.net
atlassian.net
jira.com
bitbucket.org
cdn.prod.atlassian-dev.net
atlassian-us-gov-mod.com
atlassian-us-gov-mod.net
cdn.atlassian-us-gov-mod.com
cdn.prod.atlassian-dev-us-gov-mod.net
femeretes.org
hdrezka.ac
hdrezka.ag
hdrezka.cm
rezka.ag
rezka.my
rezkify.com
serv01001.xyz
statichdrezka.ac
voidboost.cc
voidboost.com
voidboost.in
voidnetwork.cloud
acctcdnmsftuswe2.azureedge.net
acctcdnvzeuno.azureedge.net
api.github.com
api.githubcopilot.com
browser.events.data.microsoft.com
cdn.sapphire.microsoftapp.net
copilot-proxy.githubusercontent.com
copilot-telemetry.githubusercontent.com
copilot.microsoft.com
dual-a-0001.a-msedge.net
eagle.sapphire.microsoftapp.net
edge.microsoft.com
edgeservices.bing.com
feedcdn.sapphire.microsoftapp.net
fpt2.microsoft.com
gateway.bingviz.microsoftapp.net
githubcopilot.com
in.appcenter.ms
lgincdnmsftuswe2.azureedge.net
lgincdnvzeuno.azureedge.net
location.microsoft.com
sapphire.api.microsoftapp.net
self.events.data.microsoft.com
services.bingapis.com
sydney.bing.com
daramalive.life
gcore.lu
gcorelabs.net
gcorelabs.com
gcdn.services
gcore.com
lostfilm.run
lostfilm.tv
lostfilm.win
dis.gd
disboard.org
discord-activities.com
discord.center
discord.co
discord.com
discord.design
discord.dev
discord.gg
discord.gift
discord.gifts
discord.me
discord.media
discord.new
discord.st
discord.store
discord.tools
discordInvites.net
discordactivities.com
discordapp.com
discordapp.io
discordapp.net
discordbee.com
discordbotlist.com
discordcdn.com
discordexpert.com
discordhome.com
discordhub.com
discordlist.me
discordlist.space
discordmerch.com
discordpartygames.com
discords.com
discordsays.com
discordservers.com
discordstatus.com
discordtop.com
disforge.com
dyno.gg
findAdiscord.com
googleapis.com
mee6.xyz
top.gg
licdn.com
linkedin.com
anydesk.com
chatgpt.com
gpt3-openai.com
live.net
microsoft.com
oaistatic.com
oaiusercontent.com
openai.com
openai.fund
openai.org
akamaized.net
t.co
tweetdeck.com
twimg.com
twitter.com
x.com
deepl.com
usher.ttvnw.net
gql.twitch.tv
cdn32.lol
cdntogo.net
kino.pub
ovhcloud.com
ovh.us
ovh.net
ovh.ca
cdninstagram.com
facebook.com
facebook.net
fbcdn.com
fbcdn.net
ig.me
instagram.com
getfedora.org
fedoraforum.org
fedorapeople.org
fedoraproject.org
fedoramagazine.org
archlinux.org
archlinuxarm.org
kde.org
kali.org
manjaro.org
cachyos.org
pkgbuild.com
nobaraproject.org
nixos.org
alpinelinux.org
debian.org
dotdeb.org
nnmclub.to
nnmstatic.win
fast.com
netflix.ca
netflix.com
netflix.com.au
netflix.net
netflixdnstest1.com
netflixdnstest10.com
netflixdnstest2.com
netflixdnstest3.com
netflixdnstest4.com
netflixdnstest5.com
netflixdnstest6.com
netflixdnstest7.com
netflixdnstest8.com
netflixdnstest9.com
netflixinvestor.com
netflixstudios.com
netflixtechblog.com
nflxext.com
nflximg.com
nflximg.net
nflxsearch.net
nflxso.net
nflxvideo.net
onetrust.com
filmix.biz
filmix.fm
